// Jest Snapshot v1, https://goo.gl/fbAQLP

exports[`matches the snapshot for a string type attribute 1`] = `
<View>
  <Text
    accessible={true}
    allowFontScaling={true}
    ellipsizeMode="tail"
    style={
      Object {
        "backgroundColor": "chartreuse",
        "color": "salmon",
      }
    }
    test-id="base"
  >
    Hello
  </Text>
  <View
    test-id="unmatched"
  />
</View>
`;
